
The following have been reloaded with a version change:
  1) GCCcore/14.3.0 => GCCcore/11.3.0
  2) Java/25.36 => Java/11.0.20
  3) OpenSSL/3 => OpenSSL/1.1
  4) XZ/5.8.1-GCCcore-14.3.0 => XZ/5.2.5-GCCcore-11.3.0
  5) binutils/2.44-GCCcore-14.3.0 => binutils/2.38-GCCcore-11.3.0
  6) bzip2/1.0.8-GCCcore-14.3.0 => bzip2/1.0.8-GCCcore-11.3.0
  7) libffi/3.5.1-GCCcore-14.3.0 => libffi/3.4.2-GCCcore-11.3.0
  8) ncurses/6.5-GCCcore-14.3.0 => ncurses/6.3-GCCcore-11.3.0
  9) zlib/1.3.1-GCCcore-14.3.0 => zlib/1.2.12-GCCcore-11.3.0


The following have been reloaded with a version change:
  1) GCC/11.3.0 => GCC/14.2.0
  2) GCCcore/11.3.0 => GCCcore/14.2.0
  3) GMP/6.2.1-GCCcore-11.3.0 => GMP/6.3.0-GCCcore-14.2.0
  4) Java/11.0.20 => Java/21.0.8
  5) OpenSSL/1.1 => OpenSSL/3
  6) Python/3.13.5-GCCcore-14.3.0 => Python/3.13.1-GCCcore-14.2.0
  7) SQLite/3.50.1-GCCcore-14.3.0 => SQLite/3.47.2-GCCcore-14.2.0
  8) Tcl/9.0.1-GCCcore-14.3.0 => Tcl/8.6.16-GCCcore-14.2.0
  9) XZ/5.2.5-GCCcore-11.3.0 => XZ/5.6.3-GCCcore-14.2.0
 10) Z3/4.10.2-GCCcore-11.3.0 => Z3/4.13.4-GCCcore-14.2.0
 11) binutils/2.38-GCCcore-11.3.0 => binutils/2.42-GCCcore-14.2.0
 12) bzip2/1.0.8-GCCcore-11.3.0 => bzip2/1.0.8-GCCcore-14.2.0
 13) gzip/1.12-GCCcore-11.3.0 => gzip/1.13-GCCcore-14.2.0
 14) hwloc/2.7.1-GCCcore-11.3.0 => hwloc/2.11.2-GCCcore-14.2.0
 15) libarchive/3.6.1-GCCcore-11.3.0 => libarchive/3.7.7-GCCcore-14.2.0
 16) libffi/3.4.2-GCCcore-11.3.0 => libffi/3.4.5-GCCcore-14.2.0
 17) libpciaccess/0.16-GCCcore-11.3.0 => libpciaccess/0.18.1-GCCcore-14.2.0
 18) libreadline/8.2-GCCcore-14.3.0 => libreadline/8.2-GCCcore-14.2.0
 19) libxml2/2.9.13-GCCcore-11.3.0 => libxml2/2.13.4-GCCcore-14.2.0
 20) lz4/1.9.3-GCCcore-11.3.0 => lz4/1.10.0-GCCcore-14.2.0
 21) ncurses/6.3-GCCcore-11.3.0 => ncurses/6.5-GCCcore-14.2.0
 22) numactl/2.0.14-GCCcore-11.3.0 => numactl/2.0.19-GCCcore-14.2.0
 23) zlib/1.2.12-GCCcore-11.3.0 => zlib/1.3.1-GCCcore-14.2.0
 24) zstd/1.5.2-GCCcore-11.3.0 => zstd/1.5.6-GCCcore-14.2.0

Warning message:
package ‘ape’ was built under R version 4.5.2 
Loading required package: maps
Warning message:
package ‘maps’ was built under R version 4.5.2 
